// Jest Snapshot v1, https://goo.gl/fbAQLP

exports[`App component should render without crashing 1`] = `
<div
  className="wrapper"
>
  <h1
    className="header"
  >
    Hello, undefined!
  </h1>
</div>
`;
